
  VITE v7.3.6  ready in 246 ms

  ➜  Local:   http://localhost:8843/
  ➜  Network: use --host to expose
  ➜  press h + enter to show help
11:25:39 PM [vite] (client) hmr update /src/ui/MarginBars.tsx
11:25:46 PM [vite] (client) hmr update /src/ui/MarginBars.tsx
11:28:16 PM [vite] (client) hmr update /src/map/PipelineMap.tsx
11:28:20 PM [vite] (client) hmr update /src/map/PipelineMap.tsx
11:28:25 PM [vite] (client) hmr update /src/map/PipelineMap.tsx
11:28:28 PM [vite] (client) hmr update /src/map/PipelineMap.tsx
11:28:33 PM [vite] (client) hmr update /src/map/WireLayer.tsx
11:28:44 PM [vite] (client) hmr update /src/map/PipelineMap.tsx
11:30:18 PM [vite] (client) hmr update /src/styles/base.css
11:31:02 PM [vite] (client) hmr update /src/map/PipelineMap.tsx
11:32:08 PM [vite] (client) hmr update /src/map/PipelineMap.tsx
11:32:15 PM [vite] (client) hmr update /src/map/PipelineMap.tsx
11:32:54 PM [vite] (client) hmr update /src/map/PipelineMap.tsx
11:33:20 PM [vite] (client) hmr update /src/styles/base.css
11:33:20 PM [vite] (client) hmr update /src/styles/base.css
Unable to resolve `@import "./stage-state.css"` from W:\Projects\hacks\neftecode-hack\src\frontend\src\styles
11:33:20 PM [vite] Internal server error: [postcss] ENOENT: no such file or directory, open 'W:\Projects\hacks\neftecode-hack\src\frontend\stage-state.css'
  Plugin: vite:css
  File: W:/Projects/hacks/neftecode-hack/src/frontend/src/styles/base.css:undefined:NaN
      at async open (node:internal/fs/promises:642:25)
      at async Object.readFile (node:internal/fs/promises:1279:14)
      at async Object.load (file:///W:/Projects/hacks/neftecode-hack/src/frontend/node_modules/vite/dist/node/chunks/config.js:30171:19)
      at async loadImportContent (file:///W:/Projects/hacks/neftecode-hack/src/frontend/node_modules/vite/dist/node/chunks/postcss-import.js:401:19)
      at async Promise.all (index 0)
      at async resolveImportId (file:///W:/Projects/hacks/neftecode-hack/src/frontend/node_modules/vite/dist/node/chunks/postcss-import.js:387:20)
      at async parseStyles$1 (file:///W:/Projects/hacks/neftecode-hack/src/frontend/node_modules/vite/dist/node/chunks/postcss-import.js:340:4)
      at async Promise.all (index 0)
      at async resolveImportId (file:///W:/Projects/hacks/neftecode-hack/src/frontend/node_modules/vite/dist/node/chunks/postcss-import.js:387:20)
      at async parseStyles$1 (file:///W:/Projects/hacks/neftecode-hack/src/frontend/node_modules/vite/dist/node/chunks/postcss-import.js:340:4)
      at async Object.Once (file:///W:/Projects/hacks/neftecode-hack/src/frontend/node_modules/vite/dist/node/chunks/postcss-import.js:465:20)
      at async LazyResult.runAsync (W:\Projects\hacks\neftecode-hack\src\frontend\node_modules\postcss\lib\lazy-result.js:299:11)
      at async runPostCSS (file:///W:/Projects/hacks/neftecode-hack/src/frontend/node_modules/vite/dist/node/chunks/config.js:30225:19)
      at async compilePostCSS (file:///W:/Projects/hacks/neftecode-hack/src/frontend/node_modules/vite/dist/node/chunks/config.js:30209:6)
      at async compileCSS (file:///W:/Projects/hacks/neftecode-hack/src/frontend/node_modules/vite/dist/node/chunks/config.js:30139:26)
      at async TransformPluginContext.handler (file:///W:/Projects/hacks/neftecode-hack/src/frontend/node_modules/vite/dist/node/chunks/config.js:29672:54)
      at async EnvironmentPluginContainer.transform (file:///W:/Projects/hacks/neftecode-hack/src/frontend/node_modules/vite/dist/node/chunks/config.js:28877:14)
      at async loadAndTransform (file:///W:/Projects/hacks/neftecode-hack/src/frontend/node_modules/vite/dist/node/chunks/config.js:22746:26)
      at async viteTransformMiddleware (file:///W:/Projects/hacks/neftecode-hack/src/frontend/node_modules/vite/dist/node/chunks/config.js:24622:20)
Unable to resolve `@import "./stage-state.css"` from W:\Projects\hacks\neftecode-hack\src\frontend\src\styles
11:33:20 PM [vite] Internal server error: [postcss] ENOENT: no such file or directory, open 'W:\Projects\hacks\neftecode-hack\src\frontend\stage-state.css'
  Plugin: vite:css
  File: W:/Projects/hacks/neftecode-hack/src/frontend/src/styles/base.css:undefined:NaN
      at async open (node:internal/fs/promises:642:25)
      at async Object.readFile (node:internal/fs/promises:1279:14)
      at async Object.load (file:///W:/Projects/hacks/neftecode-hack/src/frontend/node_modules/vite/dist/node/chunks/config.js:30171:19)
      at async loadImportContent (file:///W:/Projects/hacks/neftecode-hack/src/frontend/node_modules/vite/dist/node/chunks/postcss-import.js:401:19)
      at async Promise.all (index 0)
      at async resolveImportId (file:///W:/Projects/hacks/neftecode-hack/src/frontend/node_modules/vite/dist/node/chunks/postcss-import.js:387:20)
      at async parseStyles$1 (file:///W:/Projects/hacks/neftecode-hack/src/frontend/node_modules/vite/dist/node/chunks/postcss-import.js:340:4)
      at async Promise.all (index 0)
      at async resolveImportId (file:///W:/Projects/hacks/neftecode-hack/src/frontend/node_modules/vite/dist/node/chunks/postcss-import.js:387:20)
      at async parseStyles$1 (file:///W:/Projects/hacks/neftecode-hack/src/frontend/node_modules/vite/dist/node/chunks/postcss-import.js:340:4)
      at async Object.Once (file:///W:/Projects/hacks/neftecode-hack/src/frontend/node_modules/vite/dist/node/chunks/postcss-import.js:465:20)
      at async LazyResult.runAsync (W:\Projects\hacks\neftecode-hack\src\frontend\node_modules\postcss\lib\lazy-result.js:299:11)
      at async runPostCSS (file:///W:/Projects/hacks/neftecode-hack/src/frontend/node_modules/vite/dist/node/chunks/config.js:30225:19)
      at async compilePostCSS (file:///W:/Projects/hacks/neftecode-hack/src/frontend/node_modules/vite/dist/node/chunks/config.js:30209:6)
      at async compileCSS (file:///W:/Projects/hacks/neftecode-hack/src/frontend/node_modules/vite/dist/node/chunks/config.js:30139:26)
      at async TransformPluginContext.handler (file:///W:/Projects/hacks/neftecode-hack/src/frontend/node_modules/vite/dist/node/chunks/config.js:29672:54)
      at async EnvironmentPluginContainer.transform (file:///W:/Projects/hacks/neftecode-hack/src/frontend/node_modules/vite/dist/node/chunks/config.js:28877:14)
      at async loadAndTransform (file:///W:/Projects/hacks/neftecode-hack/src/frontend/node_modules/vite/dist/node/chunks/config.js:22746:26)
      at async viteTransformMiddleware (file:///W:/Projects/hacks/neftecode-hack/src/frontend/node_modules/vite/dist/node/chunks/config.js:24622:20)
11:33:25 PM [vite] (client) hmr update /src/styles/base.css
Unable to resolve `@import "./stage-state.css"` from W:\Projects\hacks\neftecode-hack\src\frontend\src\styles
11:33:25 PM [vite] Internal server error: [postcss] ENOENT: no such file or directory, open 'W:\Projects\hacks\neftecode-hack\src\frontend\stage-state.css'
  Plugin: vite:css
  File: W:/Projects/hacks/neftecode-hack/src/frontend/src/styles/base.css:undefined:NaN
      at async open (node:internal/fs/promises:642:25)
      at async Object.readFile (node:internal/fs/promises:1279:14)
      at async Object.load (file:///W:/Projects/hacks/neftecode-hack/src/frontend/node_modules/vite/dist/node/chunks/config.js:30171:19)
      at async loadImportContent (file:///W:/Projects/hacks/neftecode-hack/src/frontend/node_modules/vite/dist/node/chunks/postcss-import.js:401:19)
      at async Promise.all (index 0)
      at async resolveImportId (file:///W:/Projects/hacks/neftecode-hack/src/frontend/node_modules/vite/dist/node/chunks/postcss-import.js:387:20)
      at async parseStyles$1 (file:///W:/Projects/hacks/neftecode-hack/src/frontend/node_modules/vite/dist/node/chunks/postcss-import.js:340:4)
      at async Promise.all (index 0)
      at async resolveImportId (file:///W:/Projects/hacks/neftecode-hack/src/frontend/node_modules/vite/dist/node/chunks/postcss-import.js:387:20)
      at async parseStyles$1 (file:///W:/Projects/hacks/neftecode-hack/src/frontend/node_modules/vite/dist/node/chunks/postcss-import.js:340:4)
      at async Object.Once (file:///W:/Projects/hacks/neftecode-hack/src/frontend/node_modules/vite/dist/node/chunks/postcss-import.js:465:20)
      at async LazyResult.runAsync (W:\Projects\hacks\neftecode-hack\src\frontend\node_modules\postcss\lib\lazy-result.js:299:11)
      at async runPostCSS (file:///W:/Projects/hacks/neftecode-hack/src/frontend/node_modules/vite/dist/node/chunks/config.js:30225:19)
      at async compilePostCSS (file:///W:/Projects/hacks/neftecode-hack/src/frontend/node_modules/vite/dist/node/chunks/config.js:30209:6)
      at async compileCSS (file:///W:/Projects/hacks/neftecode-hack/src/frontend/node_modules/vite/dist/node/chunks/config.js:30139:26)
      at async TransformPluginContext.handler (file:///W:/Projects/hacks/neftecode-hack/src/frontend/node_modules/vite/dist/node/chunks/config.js:29672:54)
      at async EnvironmentPluginContainer.transform (file:///W:/Projects/hacks/neftecode-hack/src/frontend/node_modules/vite/dist/node/chunks/config.js:28877:14)
      at async loadAndTransform (file:///W:/Projects/hacks/neftecode-hack/src/frontend/node_modules/vite/dist/node/chunks/config.js:22746:26)
      at async viteTransformMiddleware (file:///W:/Projects/hacks/neftecode-hack/src/frontend/node_modules/vite/dist/node/chunks/config.js:24622:20)
11:33:31 PM [vite] (client) hmr update /src/styles/base.css
Unable to resolve `@import "./stage-state.css"` from W:\Projects\hacks\neftecode-hack\src\frontend\src\styles
11:33:31 PM [vite] Internal server error: [postcss] ENOENT: no such file or directory, open 'W:\Projects\hacks\neftecode-hack\src\frontend\stage-state.css'
  Plugin: vite:css
  File: W:/Projects/hacks/neftecode-hack/src/frontend/src/styles/base.css:undefined:NaN
      at async open (node:internal/fs/promises:642:25)
      at async Object.readFile (node:internal/fs/promises:1279:14)
      at async Object.load (file:///W:/Projects/hacks/neftecode-hack/src/frontend/node_modules/vite/dist/node/chunks/config.js:30171:19)
      at async loadImportContent (file:///W:/Projects/hacks/neftecode-hack/src/frontend/node_modules/vite/dist/node/chunks/postcss-import.js:401:19)
      at async Promise.all (index 0)
      at async resolveImportId (file:///W:/Projects/hacks/neftecode-hack/src/frontend/node_modules/vite/dist/node/chunks/postcss-import.js:387:20)
      at async parseStyles$1 (file:///W:/Projects/hacks/neftecode-hack/src/frontend/node_modules/vite/dist/node/chunks/postcss-import.js:340:4)
      at async Promise.all (index 0)
      at async resolveImportId (file:///W:/Projects/hacks/neftecode-hack/src/frontend/node_modules/vite/dist/node/chunks/postcss-import.js:387:20)
      at async parseStyles$1 (file:///W:/Projects/hacks/neftecode-hack/src/frontend/node_modules/vite/dist/node/chunks/postcss-import.js:340:4)
      at async Object.Once (file:///W:/Projects/hacks/neftecode-hack/src/frontend/node_modules/vite/dist/node/chunks/postcss-import.js:465:20)
      at async LazyResult.runAsync (W:\Projects\hacks\neftecode-hack\src\frontend\node_modules\postcss\lib\lazy-result.js:299:11)
      at async runPostCSS (file:///W:/Projects/hacks/neftecode-hack/src/frontend/node_modules/vite/dist/node/chunks/config.js:30225:19)
      at async compilePostCSS (file:///W:/Projects/hacks/neftecode-hack/src/frontend/node_modules/vite/dist/node/chunks/config.js:30209:6)
      at async compileCSS (file:///W:/Projects/hacks/neftecode-hack/src/frontend/node_modules/vite/dist/node/chunks/config.js:30139:26)
      at async TransformPluginContext.handler (file:///W:/Projects/hacks/neftecode-hack/src/frontend/node_modules/vite/dist/node/chunks/config.js:29672:54)
      at async EnvironmentPluginContainer.transform (file:///W:/Projects/hacks/neftecode-hack/src/frontend/node_modules/vite/dist/node/chunks/config.js:28877:14)
      at async loadAndTransform (file:///W:/Projects/hacks/neftecode-hack/src/frontend/node_modules/vite/dist/node/chunks/config.js:22746:26)
      at async viteTransformMiddleware (file:///W:/Projects/hacks/neftecode-hack/src/frontend/node_modules/vite/dist/node/chunks/config.js:24622:20)
11:33:35 PM [vite] (client) hmr update /src/styles/base.css
11:37:14 PM [vite] (client) hmr update /src/App.tsx
